CreatedBooking{
bookingid=1
, booking=model.Booking{firstname='Mark'
, lastname='Winteringham'
, totalprice=123
, depositpaid=true
, bookingDates=
model.BookingDates{
checkin=Sun Jan 18 13:46:04 GMT 1970
, checkout=Sun Jan 18 13:47:31 GMT 1970}
, additionalneeds='Breakfast'
}}
