CreatedBooking{
bookingid=1
, booking=model.Booking{firstname='Mark'
, lastname='Winteringham'
, totalprice=123
, depositpaid=true
, bookingDates=
model.BookingDates{
checkin=1970-01-18
, checkout=1970-01-18}
, additionalneeds='Breakfast'
}}
